START 200/200 remaining games; 35s vs 5s; CPUs [0, 2, 4, 6, 8, 10]
DONE 1/200 game=5 status=finished turns=21 wins={'35': 1}
DONE 2/200 game=1 status=finished turns=23 wins={'35': 2}
DONE 3/200 game=3 status=finished turns=28 wins={'35': 3}
DONE 4/200 game=4 status=finished turns=30 wins={'35': 3, '5': 1}
DONE 5/200 game=6 status=finished turns=30 wins={'35': 4, '5': 1}
DONE 6/200 game=9 status=finished turns=17 wins={'35': 5, '5': 1}
DONE 7/200 game=8 status=finished turns=32 wins={'35': 5, '5': 2}
DONE 8/200 game=2 status=finished turns=56 wins={'35': 6, '5': 2}
DONE 9/200 game=10 status=finished turns=32 wins={'35': 7, '5': 2}
DONE 10/200 game=7 status=finished turns=40 wins={'35': 8, '5': 2}
DONE 11/200 game=13 status=finished turns=17 wins={'35': 9, '5': 2}
DONE 12/200 game=12 status=finished turns=31 wins={'35': 10, '5': 2}
DONE 13/200 game=11 status=finished turns=40 wins={'35': 11, '5': 2}
DONE 14/200 game=14 status=finished turns=32 wins={'35': 12, '5': 2}
DONE 15/200 game=17 status=finished turns=21 wins={'35': 13, '5': 2}
DONE 16/200 game=15 status=finished turns=32 wins={'35': 14, '5': 2}
DONE 17/200 game=16 status=finished turns=34 wins={'35': 14, '5': 3}
DONE 18/200 game=18 status=finished turns=39 wins={'35': 14, '5': 4}
DONE 19/200 game=19 status=finished turns=45 wins={'35': 14, '5': 5}
DONE 20/200 game=22 status=finished turns=31 wins={'35': 14, '5': 6}
DONE 21/200 game=21 status=finished turns=33 wins={'35': 15, '5': 6}
DONE 22/200 game=20 status=finished turns=39 wins={'35': 16, '5': 6}
DONE 23/200 game=23 status=finished turns=39 wins={'35': 16, '5': 7}
DONE 24/200 game=26 status=finished turns=20 wins={'35': 17, '5': 7}
DONE 25/200 game=24 status=finished turns=39 wins={'35': 18, '5': 7}
DONE 26/200 game=25 status=finished turns=30 wins={'35': 18, '5': 8}
DONE 27/200 game=28 status=finished turns=21 wins={'35': 19, '5': 8}
DONE 28/200 game=27 status=finished turns=27 wins={'35': 19, '5': 9}
DONE 29/200 game=31 status=finished turns=24 wins={'35': 20, '5': 9}
DONE 30/200 game=34 status=finished turns=23 wins={'35': 20, '5': 10}
DONE 31/200 game=33 status=finished turns=25 wins={'35': 21, '5': 10}
DONE 32/200 game=29 status=finished turns=39 wins={'35': 22, '5': 10}
DONE 33/200 game=30 status=finished turns=37 wins={'35': 22, '5': 11}
DONE 34/200 game=32 status=finished turns=31 wins={'35': 23, '5': 11}
DONE 35/200 game=35 status=finished turns=22 wins={'35': 24, '5': 11}
DONE 36/200 game=36 status=finished turns=21 wins={'35': 25, '5': 11}
DONE 37/200 game=39 status=finished turns=16 wins={'35': 26, '5': 11}
DONE 38/200 game=37 status=finished turns=21 wins={'35': 27, '5': 11}
DONE 39/200 game=38 status=finished turns=29 wins={'35': 27, '5': 12}
DONE 40/200 game=44 status=finished turns=17 wins={'35': 28, '5': 12}
DONE 41/200 game=40 status=finished turns=31 wins={'35': 29, '5': 12}
DONE 42/200 game=41 status=finished turns=30 wins={'35': 29, '5': 13}
DONE 43/200 game=43 status=finished turns=27 wins={'35': 29, '5': 14}
DONE 44/200 game=42 status=finished turns=28 wins={'35': 30, '5': 14}
DONE 45/200 game=45 status=finished turns=19 wins={'35': 31, '5': 14}
DONE 46/200 game=46 status=finished turns=23 wins={'35': 31, '5': 15}
DONE 47/200 game=48 status=finished turns=20 wins={'35': 31, '5': 16}
DONE 48/200 game=47 status=finished turns=35 wins={'35': 31, '5': 17}
DONE 49/200 game=50 status=finished turns=33 wins={'35': 31, '5': 18}
DONE 50/200 game=49 status=finished turns=37 wins={'35': 32, '5': 18}
DONE 51/200 game=51 status=finished turns=34 wins={'35': 33, '5': 18}
DONE 52/200 game=52 status=finished turns=30 wins={'35': 33, '5': 19}
DONE 53/200 game=56 status=finished turns=25 wins={'35': 34, '5': 19}
DONE 54/200 game=54 status=finished turns=34 wins={'35': 35, '5': 19}
DONE 55/200 game=55 status=finished turns=47 wins={'35': 35, '5': 20}
DONE 56/200 game=53 status=finished turns=62 wins={'35': 35, '5': 21}
DONE 57/200 game=57 status=finished turns=41 wins={'35': 36, '5': 21}
DONE 58/200 game=58 status=finished turns=51 wins={'35': 36, '5': 22}
DONE 59/200 game=59 status=finished turns=46 wins={'35': 37, '5': 22}
DONE 60/200 game=60 status=finished turns=46 wins={'35': 37, '5': 23}
DONE 61/200 game=62 status=finished turns=34 wins={'35': 38, '5': 23}
DONE 62/200 game=64 status=finished turns=33 wins={'35': 39, '5': 23}
DONE 63/200 game=65 status=finished turns=25 wins={'35': 40, '5': 23}
DONE 64/200 game=66 status=finished turns=24 wins={'35': 41, '5': 23}
DONE 65/200 game=61 status=finished turns=64 wins={'35': 41, '5': 24}
DONE 66/200 game=63 status=finished turns=67 wins={'35': 41, '5': 25}
DONE 67/200 game=67 status=finished turns=42 wins={'35': 42, '5': 25}
DONE 68/200 game=70 status=finished turns=32 wins={'35': 43, '5': 25}
DONE 69/200 game=68 status=finished turns=52 wins={'35': 43, '5': 26}
DONE 70/200 game=73 status=finished turns=26 wins={'35': 43, '5': 27}
DONE 71/200 game=69 status=finished turns=48 wins={'35': 43, '5': 28}
DONE 72/200 game=72 status=finished turns=35 wins={'35': 44, '5': 28}
DONE 73/200 game=71 status=finished turns=46 wins={'35': 45, '5': 28}
DONE 74/200 game=78 status=finished turns=18 wins={'35': 46, '5': 28}
DONE 75/200 game=74 status=finished turns=38 wins={'35': 47, '5': 28}
DONE 76/200 game=79 status=finished turns=24 wins={'35': 48, '5': 28}
DONE 77/200 game=76 status=finished turns=33 wins={'35': 49, '5': 28}
DONE 78/200 game=77 status=finished turns=35 wins={'35': 50, '5': 28}
DONE 79/200 game=80 status=finished turns=25 wins={'35': 51, '5': 28}
DONE 80/200 game=75 status=finished turns=48 wins={'35': 52, '5': 28}
DONE 81/200 game=83 status=finished turns=20 wins={'35': 53, '5': 28}
DONE 82/200 game=81 status=finished turns=43 wins={'35': 54, '5': 28}
DONE 83/200 game=82 status=finished turns=42 wins={'35': 55, '5': 28}
DONE 84/200 game=86 status=finished turns=24 wins={'35': 56, '5': 28}
DONE 85/200 game=85 status=finished turns=25 wins={'35': 57, '5': 28}
DONE 86/200 game=87 status=finished turns=19 wins={'35': 57, '5': 29}
DONE 87/200 game=84 status=finished turns=39 wins={'35': 58, '5': 29}
DONE 88/200 game=88 status=finished turns=19 wins={'35': 59, '5': 29}
DONE 89/200 game=91 status=finished turns=20 wins={'35': 60, '5': 29}
DONE 90/200 game=89 status=finished turns=23 wins={'35': 61, '5': 29}
DONE 91/200 game=92 status=finished turns=25 wins={'35': 62, '5': 29}
DONE 92/200 game=94 status=finished turns=20 wins={'35': 63, '5': 29}
DONE 93/200 game=93 status=finished turns=27 wins={'35': 64, '5': 29}
DONE 94/200 game=90 status=finished turns=41 wins={'35': 64, '5': 30}
DONE 95/200 game=98 status=finished turns=16 wins={'35': 65, '5': 30}
DONE 96/200 game=95 status=finished turns=36 wins={'35': 66, '5': 30}
DONE 97/200 game=97 status=finished turns=31 wins={'35': 67, '5': 30}
DONE 98/200 game=100 status=finished turns=21 wins={'35': 68, '5': 30}
DONE 99/200 game=99 status=finished turns=30 wins={'35': 69, '5': 30}
DONE 100/200 game=104 status=finished turns=16 wins={'35': 69, '5': 31}
DONE 101/200 game=96 status=finished turns=53 wins={'35': 70, '5': 31}
DONE 102/200 game=105 status=finished turns=13 wins={'35': 71, '5': 31}
DONE 103/200 game=107 status=finished turns=13 wins={'35': 71, '5': 32}
DONE 104/200 game=101 status=finished turns=38 wins={'35': 71, '5': 33}
DONE 105/200 game=103 status=finished turns=27 wins={'35': 71, '5': 34}
DONE 106/200 game=108 status=finished turns=13 wins={'35': 72, '5': 34}
DONE 107/200 game=106 status=finished turns=16 wins={'35': 73, '5': 34}
DONE 108/200 game=102 status=finished turns=32 wins={'35': 74, '5': 34}
DONE 109/200 game=110 status=finished turns=24 wins={'35': 75, '5': 34}
DONE 110/200 game=112 status=finished turns=21 wins={'35': 76, '5': 34}
DONE 111/200 game=114 status=finished turns=22 wins={'35': 77, '5': 34}
DONE 112/200 game=111 status=finished turns=28 wins={'35': 78, '5': 34}
DONE 113/200 game=117 status=finished turns=9 wins={'35': 79, '5': 34}
DONE 114/200 game=109 status=finished turns=30 wins={'35': 79, '5': 35}
DONE 115/200 game=116 status=finished turns=17 wins={'35': 80, '5': 35}
DONE 117/200 game=119 status=finished turns=12 wins={'35': 82, '5': 35}
DONE 117/200 game=113 status=finished turns=33 wins={'35': 82, '5': 35}
DONE 118/200 game=118 status=finished turns=17 wins={'35': 82, '5': 36}
DONE 119/200 game=121 status=finished turns=13 wins={'35': 83, '5': 36}
DONE 120/200 game=115 status=finished turns=27 wins={'35': 83, '5': 37}
DONE 121/200 game=124 status=finished turns=11 wins={'35': 84, '5': 37}
DONE 122/200 game=123 status=finished turns=21 wins={'35': 84, '5': 38}
DONE 123/200 game=125 status=finished turns=13 wins={'35': 85, '5': 38}
DONE 124/200 game=122 status=finished turns=22 wins={'35': 86, '5': 38}
DONE 125/200 game=120 status=finished turns=37 wins={'35': 87, '5': 38}
DONE 126/200 game=129 status=finished turns=13 wins={'35': 88, '5': 38}
DONE 127/200 game=126 status=finished turns=25 wins={'35': 88, '5': 39}
DONE 128/200 game=131 status=finished turns=10 wins={'35': 89, '5': 39}
DONE 129/200 game=130 status=finished turns=20 wins={'35': 90, '5': 39}
DONE 130/200 game=127 status=finished turns=32 wins={'35': 91, '5': 39}
DONE 131/200 game=128 status=finished turns=26 wins={'35': 91, '5': 40}
DONE 132/200 game=132 status=finished turns=17 wins={'35': 92, '5': 40}
DONE 133/200 game=133 status=finished turns=17 wins={'35': 93, '5': 40}
DONE 134/200 game=134 status=finished turns=15 wins={'35': 93, '5': 41}
DONE 135/200 game=136 status=finished turns=11 wins={'35': 94, '5': 41}
DONE 136/200 game=135 status=finished turns=28 wins={'35': 95, '5': 41}
DONE 137/200 game=138 status=finished turns=30 wins={'35': 96, '5': 41}
DONE 138/200 game=139 status=finished turns=34 wins={'35': 97, '5': 41}
DONE 139/200 game=141 status=finished turns=39 wins={'35': 98, '5': 41}
DONE 140/200 game=137 status=finished turns=49 wins={'35': 99, '5': 41}
DONE 141/200 game=140 status=finished turns=46 wins={'35': 99, '5': 42}
DONE 142/200 game=143 status=finished turns=32 wins={'35': 100, '5': 42}
DONE 143/200 game=144 status=finished turns=29 wins={'35': 101, '5': 42}
DONE 144/200 game=142 status=finished turns=48 wins={'35': 102, '5': 42}
DONE 145/200 game=146 status=finished turns=24 wins={'35': 103, '5': 42}
DONE 146/200 game=147 status=finished turns=26 wins={'35': 104, '5': 42}
DONE 147/200 game=145 status=finished turns=33 wins={'35': 105, '5': 42}
DONE 148/200 game=148 status=finished turns=29 wins={'35': 106, '5': 42}
DONE 149/200 game=149 status=finished turns=29 wins={'35': 107, '5': 42}
DONE 150/200 game=153 status=finished turns=23 wins={'35': 108, '5': 42}
DONE 151/200 game=151 status=finished turns=38 wins={'35': 109, '5': 42}
DONE 152/200 game=150 status=finished turns=40 wins={'35': 110, '5': 42}
DONE 153/200 game=156 status=finished turns=15 wins={'35': 111, '5': 42}
DONE 154/200 game=155 status=finished turns=24 wins={'35': 112, '5': 42}
DONE 155/200 game=152 status=finished turns=47 wins={'35': 113, '5': 42}
DONE 156/200 game=154 status=finished turns=33 wins={'35': 113, '5': 43}
DONE 157/200 game=160 status=finished turns=13 wins={'35': 114, '5': 43}
DONE 158/200 game=157 status=finished turns=24 wins={'35': 114, '5': 44}
DONE 159/200 game=158 status=finished turns=30 wins={'35': 115, '5': 44}
DONE 160/200 game=163 status=finished turns=18 wins={'35': 116, '5': 44}
DONE 161/200 game=164 status=finished turns=22 wins={'35': 116, '5': 45}
DONE 162/200 game=166 status=finished turns=14 wins={'35': 117, '5': 45}
DONE 163/200 game=162 status=finished turns=38 wins={'35': 118, '5': 45}
DONE 164/200 game=159 status=finished turns=39 wins={'35': 118, '5': 46}
DONE 165/200 game=161 status=finished turns=35 wins={'35': 119, '5': 46}
DONE 166/200 game=168 status=finished turns=13 wins={'35': 120, '5': 46}
DONE 167/200 game=167 status=finished turns=19 wins={'35': 120, '5': 47}
DONE 168/200 game=170 status=finished turns=16 wins={'35': 121, '5': 47}
DONE 169/200 game=171 status=finished turns=17 wins={'35': 121, '5': 48}
DONE 170/200 game=172 status=finished turns=11 wins={'35': 122, '5': 48}
DONE 171/200 game=165 status=finished turns=36 wins={'35': 122, '5': 49}
DONE 173/200 game=173 status=finished turns=11 wins={'35': 123, '5': 50}
DONE 173/200 game=169 status=finished turns=22 wins={'35': 123, '5': 50}
DONE 174/200 game=176 status=finished turns=14 wins={'35': 123, '5': 51}
DONE 175/200 game=177 status=finished turns=14 wins={'35': 123, '5': 52}
DONE 176/200 game=175 status=finished turns=16 wins={'35': 124, '5': 52}
DONE 177/200 game=178 status=finished turns=14 wins={'35': 125, '5': 52}
DONE 178/200 game=179 status=finished turns=19 wins={'35': 125, '5': 53}
DONE 179/200 game=174 status=finished turns=24 wins={'35': 126, '5': 53}
DONE 180/200 game=183 status=finished turns=16 wins={'35': 127, '5': 53}
DONE 181/200 game=180 status=finished turns=19 wins={'35': 128, '5': 53}
DONE 182/200 game=182 status=finished turns=25 wins={'35': 128, '5': 54}
DONE 183/200 game=181 status=finished turns=35 wins={'35': 129, '5': 54}
DONE 184/200 game=187 status=finished turns=22 wins={'35': 130, '5': 54}
DONE 185/200 game=185 status=finished turns=33 wins={'35': 131, '5': 54}
DONE 186/200 game=188 status=finished turns=17 wins={'35': 132, '5': 54}
DONE 187/200 game=184 status=finished turns=37 wins={'35': 133, '5': 54}
DONE 188/200 game=186 status=finished turns=32 wins={'35': 134, '5': 54}
DONE 189/200 game=191 status=finished turns=12 wins={'35': 135, '5': 54}
DONE 190/200 game=189 status=finished turns=19 wins={'35': 136, '5': 54}
DONE 191/200 game=194 status=finished turns=16 wins={'35': 137, '5': 54}
DONE 192/200 game=193 status=finished turns=17 wins={'35': 138, '5': 54}
DONE 193/200 game=195 status=finished turns=16 wins={'35': 139, '5': 54}
DONE 194/200 game=192 status=finished turns=25 wins={'35': 140, '5': 54}
DONE 195/200 game=197 status=finished turns=11 wins={'35': 141, '5': 54}
DONE 196/200 game=190 status=finished turns=35 wins={'35': 141, '5': 55}
DONE 197/200 game=199 status=finished turns=18 wins={'35': 142, '5': 55}
DONE 198/200 game=196 status=finished turns=32 wins={'35': 142, '5': 56}
DONE 199/200 game=200 status=finished turns=29 wins={'35': 143, '5': 56}
DONE 200/200 game=198 status=finished turns=36 wins={'35': 144, '5': 56}
RECHECK 16:26 5s depth=7 score=430
RECHECK 16:26 35s depth=9 score=99991
RECHECK 18:28 5s depth=5 score=414
RECHECK 18:28 35s depth=6 score=-154
{
  "completed": 200,
  "statuses": {
    "finished": 200
  },
  "turns": 5594,
  "decisions": 5597,
  "first_player_wins": 106,
  "victory_reasons": {
    "Montée au niveau 3": 185,
    "Aucun tour complet légal": 3,
    "Descente de deux niveaux (Pan)": 12
  },
  "depths": {
    "6": 1243,
    "5": 1594,
    "7": 697,
    "4": 646,
    "3": 350,
    "2": 241,
    "1": 200,
    "8": 271,
    "9": 177,
    "11": 45,
    "13": 20,
    "12": 22,
    "14": 12,
    "10": 71,
    "0": 3,
    "15": 2,
    "16": 3
  },
  "median_depth": 5,
  "stop_reasons": {
    "timeout": 4156,
    "proof": 1438,
    "terminal": 3
  },
  "median_search_seconds": 5.000028726,
  "depth_by_power": {
    "Aucun pouvoir": {
      "median": 6,
      "mean": 6.26888604353393,
      "turns": 781
    },
    "Hermes": {
      "median": 4,
      "mean": 3.865573770491803,
      "turns": 305
    },
    "Hephaestus": {
      "median": 4.0,
      "mean": 4.115384615384615,
      "turns": 312
    },
    "Apollo": {
      "median": 6.0,
      "mean": 6.248091603053435,
      "turns": 786
    },
    "Minotaur": {
      "median": 6,
      "mean": 6.234074074074074,
      "turns": 675
    },
    "Artemis": {
      "median": 5,
      "mean": 5.13854351687389,
      "turns": 563
    },
    "Athena": {
      "median": 6,
      "mean": 5.743431221020093,
      "turns": 647
    },
    "Atlas": {
      "median": 5,
      "mean": 5.061465721040189,
      "turns": 423
    },
    "Pan": {
      "median": 5.0,
      "mean": 5.2414529914529915,
      "turns": 468
    },
    "Demeter": {
      "median": 4,
      "mean": 4.1683168316831685,
      "turns": 303
    },
    "Prometheus": {
      "median": 4.0,
      "mean": 4.236526946107785,
      "turns": 334
    }
  },
  "power_usage": {
    "Aucun pouvoir": {
      "Aucun pouvoir": 781
    },
    "Hermes": {
      "Hermes : pouvoir utilisé": 168,
      "Hermes : pouvoir facultatif non utilisé": 137
    },
    "Hephaestus": {
      "Hephaestus : pouvoir facultatif non utilisé": 171,
      "Hephaestus : pouvoir utilisé": 140
    },
    "Apollo": {
      "Apollo : pouvoir facultatif non utilisé": 519,
      "Apollo : pouvoir utilisé": 267
    },
    "Minotaur": {
      "Minotaur : pouvoir facultatif non utilisé": 487,
      "Minotaur : pouvoir utilisé": 187
    },
    "Artemis": {
      "Artemis : pouvoir utilisé": 361,
      "Artemis : pouvoir facultatif non utilisé": 202
    },
    "Athena": {
      "Athena : aucune interdiction ce tour": 381,
      "Athena : interdiction de monter active": 266
    },
    "Atlas": {
      "Atlas : pouvoir facultatif non utilisé": 308,
      "Atlas : pouvoir utilisé": 115
    },
    "Pan": {
      "Pan : victoire par descente non déclenchée": 455,
      "Victoire par Pan": 12
    },
    "Demeter": {
      "Demeter : pouvoir utilisé": 235,
      "Demeter : pouvoir facultatif non utilisé": 68
    },
    "Prometheus": {
      "Prometheus : pouvoir utilisé": 191,
      "Prometheus : pouvoir facultatif non utilisé": 143
    }
  },
  "proof_contradictions": [],
  "audit_errors": []
}
FINAL {"updated_at": "2026-10-05T10:51:12.284083+00:00", "completed": 200, "expected": 200, "statuses": {"finished": 200}, "wins_by_budget": {"35": 144, "5": 56}, "by_matchup": {"Aucun pouvoir/Aucun pouvoir": {"games": 24, "wins_35": 17, "wins_5": 7}, "Hermes/Hephaestus": {"games": 24, "wins_35": 14, "wins_5": 10}, "Apollo/Minotaur": {"games": 24, "wins_35": 14, "wins_5": 10}, "Artemis/Athena": {"games": 24, "wins_35": 21, "wins_5": 3}, "Atlas/Pan": {"games": 24, "wins_35": 17, "wins_5": 7}, "Demeter/Prometheus": {"games": 16, "wins_35": 12, "wins_5": 4}, "Apollo/Athena": {"games": 16, "wins_35": 15, "wins_5": 1}, "Artemis/Pan": {"games": 16, "wins_35": 10, "wins_5": 6}, "Atlas/Demeter": {"games": 16, "wins_35": 10, "wins_5": 6}, "Minotaur/Prometheus": {"games": 16, "wins_35": 14, "wins_5": 2}}, "search_metrics": {"35": {"searches": 2822, "median_depth": 6.0, "mean_depth": 5.7487597448618, "search_seconds": 72863.465499237, "mean_wall_seconds": 25.824972805253772, "max_wall_seconds": 35.14121037302539, "stop_reasons": {"timeout": 2033, "proof": 786, "terminal": 3}, "proofs": 789}, "5": {"searches": 2775, "median_depth": 5, "mean_depth": 5.094054054054054, "search_seconds": 10870.669409525, "mean_wall_seconds": 3.922339025710978, "max_wall_seconds": 5.0660614928929135, "stop_reasons": {"timeout": 2123, "proof": 652}, "proofs": 652}}, "paired_results": {"2/2 wins at 35s": 46, "1/2 wins at 35s": 52, "0/2 wins at 35s": 2}, "errors": [], "win_rate_35": 0.72, "placement_cluster_bootstrap_95": [0.66, 0.78], "independent_placement_groups": 25}
